#-----------------------------------------------------------
# xsim v2022.2 (64-bit)
# SW Build 3671981 on Fri Oct 14 05:00:03 MDT 2022
# IP Build 3669848 on Fri Oct 14 08:30:02 MDT 2022
# Start of session at: Fri Jun 26 17:29:03 2026
# Process ID: 21548
# Current directory: D:/FPGA/DDR_native/DDR_native.sim/sim_1/behav/xsim
# Command line: xsim.exe -log D:/FPGA/DDR/tools/xsim_probe_cmd_state.log -mode tcl -source {xsim.dir/tb_ddr4_controller_mock_behav/xsim_script.tcl}
# Log file: D:/FPGA/DDR/tools/xsim_probe_cmd_state.log
# Journal file: D:/FPGA/DDR_native/DDR_native.sim/sim_1/behav/xsim\xsim.jou
# Running On: NMS-20240704NGR, OS: Windows, CPU Frequency: 2112 MHz, CPU Physical cores: 12, Host memory: 16869 MB
#-----------------------------------------------------------
source xsim.dir/tb_ddr4_controller_mock_behav/xsim_script.tcl
# xsim {tb_ddr4_controller_mock_behav} -autoloadwcfg -tclbatch {D:/FPGA/DDR/tools/xsim_probe_cmd_state.tcl}
Time resolution is 1 ps
source D:/FPGA/DDR/tools/xsim_probe_cmd_state.tcl
## proc gv {sig {radix unsigned}} {
##     set obj [get_objects -quiet $sig]
##     if {[llength $obj] == 0} { return "<missing>" }
##     return [get_value -radix $radix $obj]
## }
## proc dump {label} {
##     puts "---- $label @ [current_time -s] ----"
##     foreach sig {
##         /tb_ddr4_controller_mock/app_cmd
##         /tb_ddr4_controller_mock/app_en
##         /tb_ddr4_controller_mock/app_rdy
##         /tb_ddr4_controller_mock/app_wdf_rdy
##         /tb_ddr4_controller_mock/app_wdf_wren
##         /tb_ddr4_controller_mock/app_wdf_end
##         /tb_ddr4_controller_mock/dut/user_rw_cmd_gen_uut/rw_state
##         /tb_ddr4_controller_mock/dut/user_rw_cmd_gen_uut/write_beat_cnt
##         /tb_ddr4_controller_mock/dut/user_rw_cmd_gen_uut/write_burst_len
##         /tb_ddr4_controller_mock/dut/user_rw_cmd_gen_uut/wr_fifo_valid
##         /tb_ddr4_controller_mock/dut/user_rw_cmd_gen_uut/app_cmd_fire
##         /tb_ddr4_controller_mock/dut/user_rw_cmd_gen_uut/write_data_fire
##         /tb_ddr4_controller_mock/dut/user_rw_cmd_gen_uut/wr_level_urgent
##         /tb_ddr4_controller_mock/dut/user_rw_cmd_gen_uut/ddr_wr_req
##         /tb_ddr4_controller_mock/dut/ddr_wr_fifo_level
##     } {
##         puts "$sig = [gv $sig]"
##     }
## }
## run 6 us
Loading timesets for 'tb_ddr4_controller_mock.\memModels_Ri1[0].memModel1[0].ddr4_model_u .LoadTiming' @0
	Loaded timeset:TS_1875
	Loaded timeset:TS_1500
	Loaded timeset:TS_1250
	Loaded timeset:TS_1072
	Loaded timeset:TS_938
	Loaded timeset:TS_833
	Loaded timeset:TS_750
	Loaded timeset:TS_682
	Loaded timeset:TS_625
Model based on DDR4 DDS version 0.999 6/06/2014 (build data 5/06/2016)
tb_ddr4_controller_mock.\memModels_Ri1[0].memModel1[0].ddr4_model_u :Configured as x8 16G stack:1
Loading timesets for 'tb_ddr4_controller_mock.\memModels_Ri1[0].memModel1[1].ddr4_model_u .LoadTiming' @0
	Loaded timeset:TS_1875
	Loaded timeset:TS_1500
	Loaded timeset:TS_1250
	Loaded timeset:TS_1072
	Loaded timeset:TS_938
	Loaded timeset:TS_833
	Loaded timeset:TS_750
	Loaded timeset:TS_682
	Loaded timeset:TS_625
Model based on DDR4 DDS version 0.999 6/06/2014 (build data 5/06/2016)
tb_ddr4_controller_mock.\memModels_Ri1[0].memModel1[1].ddr4_model_u :Configured as x8 16G stack:1
Info: [XPM_MEMORY 20-1] MEMORY_PRIMITIVE (0) instructs Vivado Synthesis to choose the memory primitive type. Depending on their values, other XPM_MEMORY parameters may preclude the choice of certain memory primitive types. Review XPM_MEMORY documentation and parameter values to understand any limitations, or set MEMORY_PRIMITIVE to a different value. tb_ddr4_controller_mock.dut.ddr_wr_fifo_uut.\gnuram_async_fifo.xpm_fifo_base_inst .\gen_sdpram.xpm_memory_base_inst .config_drc
Time: 1 ps  Iteration: 0  Process: /tb_ddr4_controller_mock/dut/ddr_wr_fifo_uut/gnuram_async_fifo.xpm_fifo_base_inst/gen_sdpram.xpm_memory_base_inst/Initial299_31  Scope: tb_ddr4_controller_mock.dut.ddr_wr_fifo_uut.\gnuram_async_fifo.xpm_fifo_base_inst .\gen_sdpram.xpm_memory_base_inst .config_drc  File: D:/Xilinx/Vivado/2022.2/data/ip/xpm/xpm_memory/hdl/xpm_memory.sv Line: 493
Info: [XPM_MEMORY 20-1] MEMORY_PRIMITIVE (0) instructs Vivado Synthesis to choose the memory primitive type. Depending on their values, other XPM_MEMORY parameters may preclude the choice of certain memory primitive types. Review XPM_MEMORY documentation and parameter values to understand any limitations, or set MEMORY_PRIMITIVE to a different value. tb_ddr4_controller_mock.dut.ddr_rd_fifo_uut.\gnuram_async_fifo.xpm_fifo_base_inst .\gen_sdpram.xpm_memory_base_inst .config_drc
Time: 1 ps  Iteration: 0  Process: /tb_ddr4_controller_mock/dut/ddr_rd_fifo_uut/gnuram_async_fifo.xpm_fifo_base_inst/gen_sdpram.xpm_memory_base_inst/Initial299_31  Scope: tb_ddr4_controller_mock.dut.ddr_rd_fifo_uut.\gnuram_async_fifo.xpm_fifo_base_inst .\gen_sdpram.xpm_memory_base_inst .config_drc  File: D:/Xilinx/Vivado/2022.2/data/ip/xpm/xpm_memory/hdl/xpm_memory.sv Line: 493
DDR controller mock log: tb_ddr4_controller_mock.log
DDR mock test config: views=10/2320 scoreboard=queue worst_check=0 slices/view=128 beats/slice=182 payload_beats/slice=180 view_beats=23296 period_cycles=46400
Info: [Unisim HPIO_VREF-1] Fabric Tune Value changed to 0011111. Instance: tb_ddr4_controller_mock.mig_u.inst.u_ddr4_mem_intfc.u_mig_ddr4_phy.inst.u_ddr_iob.\genByte[3].u_ddr_iob_byte .\genblk1.genVref.u_hpio_vref 
Info: [Unisim HPIO_VREF-1] Fabric Tune Value changed to 0011111. Instance: tb_ddr4_controller_mock.mig_u.inst.u_ddr4_mem_intfc.u_mig_ddr4_phy.inst.u_ddr_iob.\genByte[4].u_ddr_iob_byte .\genblk1.genVref.u_hpio_vref 
tb_ddr4_controller_mock.\memModels_Ri1[0].memModel1[0].ddr4_model_u .always_diff_ck.if_diff_ck:Initialization complete @2730366
tb_ddr4_controller_mock.\memModels_Ri1[0].memModel1[1].ddr4_model_u .always_diff_ck.if_diff_ck:Initialization complete @2730366
Model:WARNING: Reading unwritten address: C:0 BG:0 B:0 R:0 C:1 dm:0 @4715822
Model:WARNING: Reading unwritten address: C:0 BG:0 B:0 R:0 C:1 dm:0 @4715822
Model:WARNING: Reading unwritten address: C:0 BG:0 B:0 R:0 C:2 dm:0 @4716238
Model:WARNING: Reading unwritten address: C:0 BG:0 B:0 R:0 C:2 dm:0 @4716238
Model:WARNING: Reading unwritten address: C:0 BG:0 B:0 R:0 C:3 dm:0 @4716655
Model:WARNING: Reading unwritten address: C:0 BG:0 B:0 R:0 C:3 dm:0 @4716655
Model:WARNING: Reading unwritten address: C:0 BG:0 B:0 R:0 C:0 dm:0 @4717071
Model:WARNING: Reading unwritten address: C:0 BG:0 B:0 R:0 C:0 dm:0 @4717071
Model:WARNING: Reading unwritten address: C:0 BG:0 B:0 R:0 C:5 dm:0 @4717488
Model:WARNING: Reading unwritten address: C:0 BG:0 B:0 R:0 C:5 dm:0 @4717488
Model:WARNING: Reading unwritten address: C:0 BG:0 B:0 R:0 C:6 dm:0 @4717904
Model:WARNING: Reading unwritten address: C:0 BG:0 B:0 R:0 C:6 dm:0 @4717904
Model:WARNING: Reading unwritten address: C:0 BG:0 B:0 R:0 C:7 dm:0 @4718321
Model:WARNING: Reading unwritten address: C:0 BG:0 B:0 R:0 C:7 dm:0 @4718321
Model:WARNING: Reading unwritten address: C:0 BG:0 B:0 R:0 C:4 dm:0 @4718737
Model:WARNING: Reading unwritten address: C:0 BG:0 B:0 R:0 C:4 dm:0 @4718737
Model:WARNING: Reading unwritten address: C:0 BG:0 B:0 R:0 C:1 dm:0 @5712090
Model:WARNING: Reading unwritten address: C:0 BG:0 B:0 R:0 C:1 dm:0 @5712090
Model:WARNING: Reading unwritten address: C:0 BG:0 B:0 R:0 C:2 dm:0 @5712506
Model:WARNING: Reading unwritten address: C:0 BG:0 B:0 R:0 C:2 dm:0 @5712506
Model:WARNING: Reading unwritten address: C:0 BG:0 B:0 R:0 C:3 dm:0 @5712923
Model:WARNING: Reading unwritten address: C:0 BG:0 B:0 R:0 C:3 dm:0 @5712923
Model:WARNING: Reading unwritten address: C:0 BG:0 B:0 R:0 C:0 dm:0 @5713339
Model:WARNING: Reading unwritten address: C:0 BG:0 B:0 R:0 C:0 dm:0 @5713339
Model:WARNING: Reading unwritten address: C:0 BG:0 B:0 R:0 C:5 dm:0 @5713756
Model:WARNING: Reading unwritten address: C:0 BG:0 B:0 R:0 C:5 dm:0 @5713756
Model:WARNING: Reading unwritten address: C:0 BG:0 B:0 R:0 C:6 dm:0 @5714172
Model:WARNING: Reading unwritten address: C:0 BG:0 B:0 R:0 C:6 dm:0 @5714172
Model:WARNING: Reading unwritten address: C:0 BG:0 B:0 R:0 C:7 dm:0 @5714589
Model:WARNING: Reading unwritten address: C:0 BG:0 B:0 R:0 C:7 dm:0 @5714589
Model:WARNING: Reading unwritten address: C:0 BG:0 B:0 R:0 C:4 dm:0 @5715005
Model:WARNING: Reading unwritten address: C:0 BG:0 B:0 R:0 C:4 dm:0 @5715005
run: Time (s): cpu = 00:00:00 ; elapsed = 00:00:07 . Memory (MB): peak = 239.266 ; gain = 0.000
## dump "6us"
---- 6us @ 6us ----
/tb_ddr4_controller_mock/app_cmd = 0
/tb_ddr4_controller_mock/app_en = 0
/tb_ddr4_controller_mock/app_rdy = 1
/tb_ddr4_controller_mock/app_wdf_rdy = 1
/tb_ddr4_controller_mock/app_wdf_wren = 0
/tb_ddr4_controller_mock/app_wdf_end = 0
/tb_ddr4_controller_mock/dut/user_rw_cmd_gen_uut/rw_state = 0
/tb_ddr4_controller_mock/dut/user_rw_cmd_gen_uut/write_beat_cnt = 0
/tb_ddr4_controller_mock/dut/user_rw_cmd_gen_uut/write_burst_len = 202
/tb_ddr4_controller_mock/dut/user_rw_cmd_gen_uut/wr_fifo_valid = 1
/tb_ddr4_controller_mock/dut/user_rw_cmd_gen_uut/app_cmd_fire = 0
/tb_ddr4_controller_mock/dut/user_rw_cmd_gen_uut/write_data_fire = 0
/tb_ddr4_controller_mock/dut/user_rw_cmd_gen_uut/wr_level_urgent = 0
/tb_ddr4_controller_mock/dut/user_rw_cmd_gen_uut/ddr_wr_req = 0
/tb_ddr4_controller_mock/dut/ddr_wr_fifo_level = 203
## run 500 ns
run: Time (s): cpu = 00:00:00 ; elapsed = 00:00:06 . Memory (MB): peak = 239.266 ; gain = 0.000
## dump "6.5us"
---- 6.5us @ 6500ns ----
/tb_ddr4_controller_mock/app_cmd = 0
/tb_ddr4_controller_mock/app_en = 1
/tb_ddr4_controller_mock/app_rdy = 0
/tb_ddr4_controller_mock/app_wdf_rdy = 1
/tb_ddr4_controller_mock/app_wdf_wren = 0
/tb_ddr4_controller_mock/app_wdf_end = 0
/tb_ddr4_controller_mock/dut/user_rw_cmd_gen_uut/rw_state = 2
/tb_ddr4_controller_mock/dut/user_rw_cmd_gen_uut/write_beat_cnt = 10
/tb_ddr4_controller_mock/dut/user_rw_cmd_gen_uut/write_burst_len = 256
/tb_ddr4_controller_mock/dut/user_rw_cmd_gen_uut/wr_fifo_valid = 1
/tb_ddr4_controller_mock/dut/user_rw_cmd_gen_uut/app_cmd_fire = 0
/tb_ddr4_controller_mock/dut/user_rw_cmd_gen_uut/write_data_fire = 0
/tb_ddr4_controller_mock/dut/user_rw_cmd_gen_uut/wr_level_urgent = 0
/tb_ddr4_controller_mock/dut/user_rw_cmd_gen_uut/ddr_wr_req = 1
/tb_ddr4_controller_mock/dut/ddr_wr_fifo_level = 294
## run 500 ns
run: Time (s): cpu = 00:00:00 ; elapsed = 00:00:06 . Memory (MB): peak = 239.266 ; gain = 0.000
## dump "7us"
---- 7us @ 7us ----
/tb_ddr4_controller_mock/app_cmd = 0
/tb_ddr4_controller_mock/app_en = 1
/tb_ddr4_controller_mock/app_rdy = 0
/tb_ddr4_controller_mock/app_wdf_rdy = 1
/tb_ddr4_controller_mock/app_wdf_wren = 0
/tb_ddr4_controller_mock/app_wdf_end = 0
/tb_ddr4_controller_mock/dut/user_rw_cmd_gen_uut/rw_state = 2
/tb_ddr4_controller_mock/dut/user_rw_cmd_gen_uut/write_beat_cnt = 10
/tb_ddr4_controller_mock/dut/user_rw_cmd_gen_uut/write_burst_len = 256
/tb_ddr4_controller_mock/dut/user_rw_cmd_gen_uut/wr_fifo_valid = 1
/tb_ddr4_controller_mock/dut/user_rw_cmd_gen_uut/app_cmd_fire = 0
/tb_ddr4_controller_mock/dut/user_rw_cmd_gen_uut/write_data_fire = 0
/tb_ddr4_controller_mock/dut/user_rw_cmd_gen_uut/wr_level_urgent = 0
/tb_ddr4_controller_mock/dut/user_rw_cmd_gen_uut/ddr_wr_req = 1
/tb_ddr4_controller_mock/dut/ddr_wr_fifo_level = 394
## run 1 us
run: Time (s): cpu = 00:00:00 ; elapsed = 00:00:07 . Memory (MB): peak = 239.266 ; gain = 0.000
## dump "8us"
---- 8us @ 8us ----
/tb_ddr4_controller_mock/app_cmd = 0
/tb_ddr4_controller_mock/app_en = 1
/tb_ddr4_controller_mock/app_rdy = 0
/tb_ddr4_controller_mock/app_wdf_rdy = 1
/tb_ddr4_controller_mock/app_wdf_wren = 0
/tb_ddr4_controller_mock/app_wdf_end = 0
/tb_ddr4_controller_mock/dut/user_rw_cmd_gen_uut/rw_state = 2
/tb_ddr4_controller_mock/dut/user_rw_cmd_gen_uut/write_beat_cnt = 10
/tb_ddr4_controller_mock/dut/user_rw_cmd_gen_uut/write_burst_len = 256
/tb_ddr4_controller_mock/dut/user_rw_cmd_gen_uut/wr_fifo_valid = 1
/tb_ddr4_controller_mock/dut/user_rw_cmd_gen_uut/app_cmd_fire = 0
/tb_ddr4_controller_mock/dut/user_rw_cmd_gen_uut/write_data_fire = 0
/tb_ddr4_controller_mock/dut/user_rw_cmd_gen_uut/wr_level_urgent = 0
/tb_ddr4_controller_mock/dut/user_rw_cmd_gen_uut/ddr_wr_req = 1
/tb_ddr4_controller_mock/dut/ddr_wr_fifo_level = 594
## quit
INFO: [Common 17-206] Exiting xsim at Fri Jun 26 17:29:31 2026...
